BL51 BANKED LINKER/LOCATER V6.22                                                        08/26/2018  11:11:13  PAGE 1


BL51 BANKED LINKER/LOCATER V6.22, INVOKED BY:
D:\KEIL_V5\C51\BIN\BL51.EXE .\Objects\Íâ²¿ÖÐ¶Ï0ÏÂ½µÑØ´¥·¢.obj TO .\Objects\Íâ²¿ÖÐ¶Ï0ÏÂ½µÑØ´¥·¢ PRINT (.\Listings\Íâ²¿ÖÐ¶
>> Ï0ÏÂ½µÑØ´¥·¢.m51) RAMSIZE (256)


MEMORY MODEL: SMALL


INPUT MODULES INCLUDED:
  .\Objects\Íâ²¿ÖÐ¶Ï0ÏÂ½µÑØ´¥·¢.obj (________0__________)
  D:\KEIL_V5\C51\LIB\C51S.LIB (?C_STARTUP)


LINK MAP OF MODULE:  .\Objects\Íâ²¿ÖÐ¶Ï0ÏÂ½µÑØ´¥·¢ (________0__________)


            TYPE    BASE      LENGTH    RELOCATION   SEGMENT NAME
            -----------------------------------------------------

            * * * * * * *   D A T A   M E M O R Y   * * * * * * *
            REG     0000H     0008H     ABSOLUTE     "REG BANK 0"
            IDATA   0008H     0001H     UNIT         ?STACK

            * * * * * * *   C O D E   M E M O R Y   * * * * * * *
            CODE    0000H     0003H     ABSOLUTE     
            CODE    0003H     0003H     ABSOLUTE     
            CODE    0006H     000CH     UNIT         ?C_C51STARTUP
            CODE    0012H     000BH     UNIT         ?PR?MAIN?________0__________
            CODE    001DH     0004H     UNIT         ?PR?ISR_KEY?________0__________



OVERLAY MAP OF MODULE:   .\Objects\Íâ²¿ÖÐ¶Ï0ÏÂ½µÑØ´¥·¢ (________0__________)


SEGMENT
  +--> CALLED SEGMENT
---------------------
?C_C51STARTUP
  +--> ?PR?MAIN?________0__________



SYMBOL TABLE OF MODULE:  .\Objects\Íâ²¿ÖÐ¶Ï0ÏÂ½µÑØ´¥·¢ (________0__________)

  VALUE           TYPE          NAME
  ----------------------------------

  -------         MODULE        ________0__________
  C:0000H         SYMBOL        _ICE_DUMMY_
  D:0090H         PUBLIC        P1
  D:00B0H         PUBLIC        P3
  B:00A8H.7       PUBLIC        EA
  D:00A8H         PUBLIC        IE
  D:00B8H         PUBLIC        IP
  C:0012H         PUBLIC        main
  D:0098H         PUBLIC        SCON
  D:0088H         PUBLIC        TCON
BL51 BANKED LINKER/LOCATER V6.22                                                      08/26/2018  11:11:13  PAGE 2


  B:00A8H.0       PUBLIC        EX0
  B:0088H.0       PUBLIC        IT0
  D:00C8H         PUBLIC        T2CON
  C:001DH         PUBLIC        ISR_Key
  D:00D0H         PUBLIC        PSW
  -------         PROC          MAIN
  C:0012H         LINE#         23
  C:0012H         LINE#         24
  C:0012H         LINE#         25
  C:0015H         LINE#         26
  C:0017H         LINE#         27
  C:0019H         LINE#         28
  C:001BH         LINE#         29
  C:001BH         LINE#         30
  C:001BH         LINE#         32
  -------         ENDPROC       MAIN
  -------         PROC          ISR_KEY
  C:001DH         LINE#         37
  C:001DH         LINE#         39
  C:0020H         LINE#         40
  -------         ENDPROC       ISR_KEY
  -------         ENDMOD        ________0__________

Program Size: data=9.0 xdata=0 code=33
LINK/LOCATE RUN COMPLETE.  0 WARNING(S),  0 ERROR(S)
