BL51 BANKED LINKER/LOCATER V6.22                                                        04/27/2013  18:56:04  PAGE 1


BL51 BANKED LINKER/LOCATER V6.22, INVOKED BY:
D:\Ñ§Ï°Èí¼þ\KEIL UVISION4\C51\BIN\BL51.EXE .\obj\ÃÜÂëËø.obj TO .\obj\ÃÜÂëËø PRINT (.\obj\ÃÜÂëËø.m51) RAMSIZE (256)


MEMORY MODEL: SMALL


INPUT MODULES INCLUDED:
  .\obj\ÃÜÂëËø.obj (Ã__ëË_)
  D:\Ñ§Ï°Èí¼þ\KEIL UVISION4\C51\LIB\C51S.LIB (?C_STARTUP)
  D:\Ñ§Ï°Èí¼þ\KEIL UVISION4\C51\LIB\C51S.LIB (?C?CCASE)
  D:\Ñ§Ï°Èí¼þ\KEIL UVISION4\C51\LIB\C51S.LIB (?C_INIT)


LINK MAP OF MODULE:  .\obj\ÃÜÂëËø (Ã__ëË_)


            TYPE    BASE      LENGTH    RELOCATION   SEGMENT NAME
            -----------------------------------------------------

            * * * * * * *   D A T A   M E M O R Y   * * * * * * *
            REG     0000H     0008H     ABSOLUTE     "REG BANK 0"
            DATA    0008H     000AH     UNIT         _DATA_GROUP_
            DATA    0012H     0009H     UNIT         ?DT?Ã__ëË_
                    001BH     0005H                  *** GAP ***
            BIT     0020H.0   0000H.1   UNIT         _BIT_GROUP_
                    0020H.1   0000H.7                *** GAP ***
            IDATA   0021H     0001H     UNIT         ?STACK

            * * * * * * *   C O D E   M E M O R Y   * * * * * * *
            CODE    0000H     0003H     ABSOLUTE     
            CODE    0003H     0004H     UNIT         ?C_INITSEG
            CODE    0007H     0003H     UNIT         ?PR?_DELAYUS2X?Ã__ëË_
                    000AH     0001H                  *** GAP ***
            CODE    000BH     0003H     ABSOLUTE     
            CODE    000EH     00B4H     UNIT         ?PR?MAIN?Ã__ëË_
            CODE    00C2H     008CH     UNIT         ?C_C51STARTUP
            CODE    014EH     006EH     UNIT         ?PR?KEYPRO?Ã__ëË_
            CODE    01BCH     0036H     UNIT         ?PR?KEYSCAN?Ã__ëË_
            CODE    01F2H     002DH     UNIT         ?PR?TIMER0_ISR?Ã__ëË_
            CODE    021FH     002BH     UNIT         ?PR?_DISPLAY?Ã__ëË_
            CODE    024AH     0026H     UNIT         ?C?LIB_CODE
            CODE    0270H     0020H     UNIT         ?CO?Ã__ëË_
            CODE    0290H     0015H     UNIT         ?PR?_DELAYMS?Ã__ëË_
            CODE    02A5H     000AH     UNIT         ?PR?INIT_TIMER0?Ã__ëË_



OVERLAY MAP OF MODULE:   .\obj\ÃÜÂëËø (Ã__ëË_)


SEGMENT                           BIT_GROUP          DATA_GROUP 
  +--> CALLED SEGMENT          START    LENGTH     START    LENGTH
------------------------------------------------------------------
?PR?TIMER0_ISR?Ã__ëË_          -----    -----      -----    -----
  +--> ?PR?_DISPLAY?Ã__ëË_

?PR?_DISPLAY?Ã__ëË_            -----    -----      -----    -----
BL51 BANKED LINKER/LOCATER V6.22                                                      04/27/2013  18:56:04  PAGE 2


  +--> ?CO?Ã__ëË_

*** NEW ROOT ***************************************************

?C_C51STARTUP                  -----    -----      -----    -----
  +--> ?PR?MAIN?Ã__ëË_
  +--> ?C_INITSEG

?PR?MAIN?Ã__ëË_                0020H.0  0000H.1    0008H    000AH
  +--> ?PR?INIT_TIMER0?Ã__ëË_
  +--> ?PR?KEYPRO?Ã__ëË_
  +--> ?CO?Ã__ëË_

?PR?KEYPRO?Ã__ëË_              -----    -----      -----    -----
  +--> ?PR?KEYSCAN?Ã__ëË_

?PR?KEYSCAN?Ã__ëË_             -----    -----      -----    -----
  +--> ?PR?_DELAYMS?Ã__ëË_

?PR?_DELAYMS?Ã__ëË_            -----    -----      -----    -----
  +--> ?PR?_DELAYUS2X?Ã__ëË_



SYMBOL TABLE OF MODULE:  .\obj\ÃÜÂëËø (Ã__ëË_)

  VALUE           TYPE          NAME
  ----------------------------------

  -------         MODULE        Ã__ëË_
  C:0000H         SYMBOL        _ICE_DUMMY_
  D:0080H         PUBLIC        P0
  D:0090H         PUBLIC        P1
  D:00A0H         PUBLIC        P2
  D:00B0H         PUBLIC        P3
  B:00A8H.7       PUBLIC        EA
  D:00A8H         PUBLIC        IE
  D:0013H         PUBLIC        TempData
  D:00B8H         PUBLIC        IP
  B:00A0H.2       PUBLIC        LATCH1
  B:00A0H.3       PUBLIC        LATCH2
  C:000EH         PUBLIC        main
  C:02A5H         PUBLIC        Init_Timer0
  C:01BCH         PUBLIC        KeyScan
  C:0290H         PUBLIC        _DelayMs
  D:0098H         PUBLIC        SCON
  D:0089H         PUBLIC        TMOD
  D:0088H         PUBLIC        TCON
  C:0270H         PUBLIC        dofly_DuanMa
  B:00A8H.1       PUBLIC        ET0
  D:008CH         PUBLIC        TH0
  D:008AH         PUBLIC        TL0
  B:0088H.4       PUBLIC        TR0
  C:0280H         PUBLIC        dofly_WeiMa
  C:021FH         PUBLIC        _Display
  C:014EH         PUBLIC        KeyPro
  C:01F2H         PUBLIC        Timer0_isr
BL51 BANKED LINKER/LOCATER V6.22                                                      04/27/2013  18:56:04  PAGE 3


  C:0007H         PUBLIC        _DelayUs2x
  D:00C8H         PUBLIC        T2CON
  C:0288H         PUBLIC        password
  D:00D0H         PUBLIC        PSW
  -------         PROC          MAIN
  -------         DO            
  D:0007H         SYMBOL        num
  D:0008H         SYMBOL        i
  D:0009H         SYMBOL        j
  D:000AH         SYMBOL        temp
  B:0020H.0       SYMBOL        Flag
  -------         ENDDO         
  C:000EH         LINE#         33
  C:000EH         LINE#         34
  C:000EH         LINE#         38
  C:0011H         LINE#         40
  C:0011H         LINE#         41
  C:0011H         LINE#         44
  C:0014H         LINE#         45
  C:0018H         LINE#         46
  C:0018H         LINE#         47
  C:001CH         LINE#         48
  C:001CH         LINE#         49
  C:001EH         LINE#         50
  C:002CH         LINE#         51
  C:002CH         LINE#         52
  C:0033H         LINE#         53
  C:0033H         LINE#         54
  C:0040H         LINE#         55
  C:004AH         LINE#         57
  C:0061H         LINE#         58
  C:0061H         LINE#         59
  C:0063H         LINE#         60
  C:0068H         LINE#         62
  C:0068H         LINE#         63
  C:006BH         LINE#         64
  C:006DH         LINE#         65
  C:006FH         LINE#         67
  C:0093H         LINE#         69
  C:0096H         LINE#         70
  C:00A4H         LINE#         71
  C:00A7H         LINE#         72
  C:00A7H         LINE#         73
  C:00AAH         LINE#         74
  C:00ADH         LINE#         75
  C:00B0H         LINE#         76
  C:00B3H         LINE#         78
  C:00B6H         LINE#         80
  C:00B6H         LINE#         81
  C:00B9H         LINE#         82
  C:00BCH         LINE#         83
  C:00BFH         LINE#         85
  C:00BFH         LINE#         87
  C:00BFH         LINE#         88
  C:00BFH         LINE#         89
  -------         ENDPROC       MAIN
  -------         PROC          _DELAYUS2X
BL51 BANKED LINKER/LOCATER V6.22                                                      04/27/2013  18:56:04  PAGE 4


  D:0007H         SYMBOL        t
  C:0007H         LINE#         97
  C:0007H         LINE#         98
  C:0007H         LINE#         99
  C:0009H         LINE#         100
  -------         ENDPROC       _DELAYUS2X
  -------         PROC          _DELAYMS
  D:0006H         SYMBOL        t
  C:0290H         LINE#         106
  C:0292H         LINE#         107
  C:0292H         LINE#         109
  C:0298H         LINE#         110
  C:0298H         LINE#         112
  C:029DH         LINE#         113
  C:02A2H         LINE#         114
  C:02A4H         LINE#         115
  -------         ENDPROC       _DELAYMS
  -------         PROC          _DISPLAY
  D:0007H         SYMBOL        FirstBit
  D:0005H         SYMBOL        Num
  -------         DO            
  D:0012H         SYMBOL        i
  -------         ENDDO         
  C:021FH         LINE#         122
  C:021FH         LINE#         123
  C:021FH         LINE#         127
  C:0222H         LINE#         128
  C:0224H         LINE#         129
  C:0226H         LINE#         131
  C:022FH         LINE#         132
  C:0231H         LINE#         133
  C:0233H         LINE#         135
  C:023BH         LINE#         136
  C:023DH         LINE#         137
  C:023FH         LINE#         139
  C:0241H         LINE#         140
  C:0246H         LINE#         141
  C:0249H         LINE#         144
  -------         ENDPROC       _DISPLAY
  -------         PROC          INIT_TIMER0
  C:02A5H         LINE#         148
  C:02A5H         LINE#         149
  C:02A5H         LINE#         150
  C:02A8H         LINE#         153
  C:02AAH         LINE#         154
  C:02ACH         LINE#         155
  C:02AEH         LINE#         156
  -------         ENDPROC       INIT_TIMER0
  -------         PROC          TIMER0_ISR
  C:01F2H         LINE#         160
  C:0203H         LINE#         162
  C:0206H         LINE#         163
  C:0209H         LINE#         165
  C:0210H         LINE#         167
  -------         ENDPROC       TIMER0_ISR
  -------         PROC          KEYSCAN
  -------         DO            
BL51 BANKED LINKER/LOCATER V6.22                                                      04/27/2013  18:56:04  PAGE 5


  D:0005H         SYMBOL        cord_h
  D:0007H         SYMBOL        cord_l
  -------         ENDDO         
  C:01BCH         LINE#         172
  C:01BCH         LINE#         173
  C:01BCH         LINE#         175
  C:01BFH         LINE#         176
  C:01C4H         LINE#         177
  C:01C8H         LINE#         178
  C:01C8H         LINE#         179
  C:01CDH         LINE#         180
  C:01D5H         LINE#         181
  C:01D5H         LINE#         182
  C:01DAH         LINE#         183
  C:01DEH         LINE#         184
  C:01E3H         LINE#         186
  C:01EBH         LINE#         188
  C:01EFH         LINE#         189
  C:01EFH         LINE#         190
  C:01F1H         LINE#         191
  -------         ENDPROC       KEYSCAN
  -------         PROC          KEYPRO
  C:014EH         LINE#         195
  C:014EH         LINE#         196
  C:014EH         LINE#         197
  C:0189H         LINE#         198
  C:0189H         LINE#         199
  C:018CH         LINE#         200
  C:018FH         LINE#         201
  C:0192H         LINE#         202
  C:0195H         LINE#         203
  C:0198H         LINE#         204
  C:019BH         LINE#         205
  C:019EH         LINE#         206
  C:01A1H         LINE#         207
  C:01A4H         LINE#         208
  C:01A7H         LINE#         209
  C:01AAH         LINE#         210
  C:01ADH         LINE#         211
  C:01B0H         LINE#         212
  C:01B3H         LINE#         213
  C:01B6H         LINE#         214
  C:01B9H         LINE#         215
  C:01BBH         LINE#         216
  C:01BBH         LINE#         217
  -------         ENDPROC       KEYPRO
  -------         ENDMOD        Ã__ëË_

  -------         MODULE        ?C?CCASE
  C:024AH         PUBLIC        ?C?CCASE
  -------         ENDMOD        ?C?CCASE

Program Size: data=28.1 xdata=0 code=686
LINK/LOCATE RUN COMPLETE.  0 WARNING(S),  0 ERROR(S)
